D:/STM32F10x_StdPeriph_Lib_V3.5.0/Libraries/STM32F10x_StdPeriph_Driver/src/stm32f10x_wwdg.c:102:6:WWDG_DeInit	8	static
D:/STM32F10x_StdPeriph_Lib_V3.5.0/Libraries/STM32F10x_StdPeriph_Driver/src/stm32f10x_wwdg.c:118:6:WWDG_SetPrescaler	24	static
D:/STM32F10x_StdPeriph_Lib_V3.5.0/Libraries/STM32F10x_StdPeriph_Driver/src/stm32f10x_wwdg.c:137:6:WWDG_SetWindowValue	24	static
D:/STM32F10x_StdPeriph_Lib_V3.5.0/Libraries/STM32F10x_StdPeriph_Driver/src/stm32f10x_wwdg.c:159:6:WWDG_EnableIT	4	static
D:/STM32F10x_StdPeriph_Lib_V3.5.0/Libraries/STM32F10x_StdPeriph_Driver/src/stm32f10x_wwdg.c:170:6:WWDG_SetCounter	16	static
D:/STM32F10x_StdPeriph_Lib_V3.5.0/Libraries/STM32F10x_StdPeriph_Driver/src/stm32f10x_wwdg.c:185:6:WWDG_Enable	16	static
D:/STM32F10x_StdPeriph_Lib_V3.5.0/Libraries/STM32F10x_StdPeriph_Driver/src/stm32f10x_wwdg.c:197:12:WWDG_GetFlagStatus	4	static
D:/STM32F10x_StdPeriph_Lib_V3.5.0/Libraries/STM32F10x_StdPeriph_Driver/src/stm32f10x_wwdg.c:207:6:WWDG_ClearFlag	4	static
