D:/STM32F10x_StdPeriph_Lib_V3.5.0/Libraries/CMSIS/CM3/CoreSupport/core_cm3.h:1586:22:NVIC_SetPriority	16	static
D:/STM32F10x_StdPeriph_Lib_V3.5.0/Libraries/CMSIS/CM3/CoreSupport/core_cm3.h:1694:26:SysTick_Config	16	static
../Src/main.c:122:5:_write	32	static
../Src/main.c:132:6:UART3_SendByte	16	static
../Src/main.c:140:6:UART2_SendByte	16	static
../Src/main.c:147:6:Uart2_sendstring	24	static
../Src/main.c:157:6:UART1_SendByte	16	static
../Src/main.c:170:5:main	640	static
../Src/main.c:415:6:CommonInit	8	static
../Src/main.c:437:6:testledc13	16	static
../Src/main.c:450:6:Delay1Ms	8	static
../Src/main.c:458:6:delay_us	16	static
../Src/main.c:466:6:Delay_Ms	16	static
../Src/main.c:475:6:timer_Init	24	static
../Src/main.c:503:13:USART1_Init	32	static
../Src/main.c:584:6:USART1_IRQHandler	8	static
../Src/main.c:594:13:USART2_Init	32	static
../Src/main.c:671:6:USART2_IRQHandler	16	static
../Src/main.c:683:13:USART3_Init	32	static
../Src/main.c:756:6:USART3_IRQHandler	8	static
