D:/STM32F10x_StdPeriph_Lib_V3.5.0/Libraries/CMSIS/CM3/DeviceSupport/ST/STM32F10x/system_stm32f10x.c:212:6:SystemInit	8	static
D:/STM32F10x_StdPeriph_Lib_V3.5.0/Libraries/CMSIS/CM3/DeviceSupport/ST/STM32F10x/system_stm32f10x.c:306:6:SystemCoreClockUpdate	24	static
D:/STM32F10x_StdPeriph_Lib_V3.5.0/Libraries/CMSIS/CM3/DeviceSupport/ST/STM32F10x/system_stm32f10x.c:419:13:SetSysClock	8	static
D:/STM32F10x_StdPeriph_Lib_V3.5.0/Libraries/CMSIS/CM3/DeviceSupport/ST/STM32F10x/system_stm32f10x.c:987:13:SetSysClockTo72	16	static
